Analyzing mobile_app...                                         

  error - The name 'DioException' isn't a type and can't be used in an on-catch clause - lib\data\repositories\auth_repository.dart:34:10 - non_type_in_catch_clause
  error - The name 'DioException' isn't a type and can't be used in an on-catch clause - lib\data\repositories\auth_repository.dart:68:10 - non_type_in_catch_clause
  error - The name 'DioException' isn't a type and can't be used in an on-catch clause - lib\data\repositories\auth_repository.dart:78:10 - non_type_in_catch_clause
  error - Undefined class 'DioException' - lib\data\repositories\auth_repository.dart:101:23 - undefined_class
warning - Dead code - lib\data\repositories\auth_repository.dart:105:5 - dead_code
   info - Use the null-aware marker '?' rather than a null check via an 'if' - lib\data\services\storage_service.dart:19:9 - use_null_aware_elements
   info - Unnecessary use of multiple underscores - lib\portals\common\pages\pet_details_page.dart:323:31 - unnecessary_underscores
   info - Unnecessary use of multiple underscores - lib\portals\common\pages\pet_details_page.dart:324:31 - unnecessary_underscores
   info - Unnecessary use of multiple underscores - lib\portals\common\pages\pet_details_page.dart:324:34 - unnecessary_underscores
   info - The private field _galleryImages could be 'final' - lib\portals\pet_owner\widgets\pet_form_sheet.dart:58:15 - prefer_final_fields
   info - Use the null-aware marker '?' rather than a null check via an 'if' - lib\portals\pet_owner\widgets\pet_form_sheet.dart:323:9 - use_null_aware_elements
   info - Unnecessary use of multiple underscores - lib\portals\pet_owner\widgets\pet_form_sheet.dart:722:21 - unnecessary_underscores
   info - 'activeColor' is deprecated and shouldn't be used. Use activeThumbColor instead. This feature was deprecated after v3.31.0-2.0.pre - lib\portals\pet_owner\widgets\pet_form_sheet.dart:752:17 - deprecated_member_use

